2026-04-23 05:16:13: ✅ SuvidhaAir server running on port 3000
2026-04-23 05:16:13: 📦 Database: db.json
2026-04-23 05:16:13: 🔐 Admin: /admin (password: 121004)
2026-04-23 06:01:20: ✅ SuvidhaAir server running on port 3000
2026-04-23 06:01:20: 📦 Database: db.json
2026-04-23 06:01:20: 🔐 Admin: /admin (password: 121004)
2026-04-23 06:01:51: ✅ SuvidhaAir server running on port 3000
2026-04-23 06:01:51: 📦 Database: db.json
2026-04-23 06:01:51: 🔐 Admin: /admin (password: 121004)
2026-04-23 06:03:15: ✅ Razorpay order created: order_SgpQ9rjnXX6LPE for amount 649
2026-04-23 06:13:01: ✅ Razorpay order created: order_SgpaSpaiXB4H6x for amount 649
2026-04-23 06:15:42: ✅ Razorpay order created: order_SgpdIU3uhdvZV2 for amount 649
2026-04-23 06:24:40: ✅ SuvidhaAir server running on port 3000
2026-04-23 06:24:40: 📦 Database: db.json
2026-04-23 06:24:40: 🔐 Admin: /admin (password: 121004)
2026-04-23 06:28:47: ✅ SuvidhaAir server running on port 3000
2026-04-23 06:28:47: 📦 Database: db.json
2026-04-23 06:28:47: 🔐 Admin: /admin (password: 121004)
2026-04-23 06:29:54: ✅ Razorpay order created: order_SgpsJCl8FXkTjA for amount 649
2026-04-23 06:32:01: ✅ Razorpay order created: order_SgpuXRbLcoNJIn for amount 448
2026-04-23 06:42:38: ✅ SuvidhaAir server running on port 3000
2026-04-23 06:42:38: 📦 Database: db.json
2026-04-23 06:42:38: 🔐 Admin: /admin (password: 121004)
2026-04-23 06:44:15: ✅ SuvidhaAir server running on port 3000
2026-04-23 06:44:15: 📦 Database: db.json
2026-04-23 06:44:15: 🔐 Admin: /admin (password: 121004)
2026-04-23 06:46:44: ✅ Razorpay order created: order_SgqA4wwaDe5KAt for amount 649
2026-04-23 06:47:03: 🚚 Creating Delhivery shipment for order e866f19a-1646-4301-913b-9304bc1c6749...
2026-04-23 06:47:03: Delhivery response: {"rmk":"Unsupported format: open","error":true,"success":false,"cash_pickups_count":0,"cash_pickups":0,"cod_count":0,"package_count":0,"upload_wbn":null,"replacement_count":0,"cod_amount":0,"prepaid_count":0,"pickups_count":0,"packages":[]}
2026-04-23 06:53:51: ✅ Razorpay order created: order_SgqHba5lW3uWBc for amount 2199
2026-04-23 06:54:14: 🚚 Creating Delhivery shipment for order 6a951e7e-9ec9-4045-a4b4-78dcd7cff655...
2026-04-23 06:54:15: Delhivery response: {"rmk":"Unsupported format: open","error":true,"success":false,"cash_pickups_count":0,"cash_pickups":0,"cod_count":0,"package_count":0,"upload_wbn":null,"replacement_count":0,"cod_amount":0,"prepaid_count":0,"pickups_count":0,"packages":[]}
2026-04-23 07:00:28: ✅ Razorpay order created: order_SgqOaU91N5U4Xi for amount 1748
2026-04-23 07:01:03: 🚚 Creating Delhivery shipment for order d9cc24c6-6a2b-4281-81c7-7119a2d74ee0...
2026-04-23 07:01:03: Delhivery response: {"rmk":"Unsupported format: open","error":true,"success":false,"cash_pickups_count":0,"cash_pickups":0,"cod_count":0,"package_count":0,"upload_wbn":null,"replacement_count":0,"cod_amount":0,"prepaid_count":0,"pickups_count":0,"packages":[]}
2026-04-23 07:11:00: ✅ Razorpay order created: order_SgqZiR7q4go8vK for amount 548
2026-04-23 07:11:20: 🚚 Creating Delhivery shipment for order ed4537dc-fe05-438d-97cd-ff1917ce760f...
2026-04-23 07:11:20: Delhivery response: {"rmk":"Unsupported format: open","error":true,"success":false,"cash_pickups_count":0,"cash_pickups":0,"cod_count":0,"package_count":0,"upload_wbn":null,"replacement_count":0,"cod_amount":0,"prepaid_count":0,"pickups_count":0,"packages":[]}
2026-04-25 14:06:24: ✅ Razorpay order created: order_ShkikhCVxmUuhR for amount 698
2026-04-30 10:38:10: ✅ SuvidhaAir server running on port 3000
2026-04-30 10:38:10: 📦 Database: db.json
2026-04-30 10:38:10: 🔐 Admin: /admin (password: 121004)
2026-04-30 10:39:13: ✅ SuvidhaAir server running on port 3000
2026-04-30 10:39:13: 📦 Database: db.json
2026-04-30 10:39:13: 🔐 Admin: /admin (password: 121004)
2026-04-30 10:41:03: ✅ Razorpay order created: order_SjftRYMysUCRUr for amount 698
2026-04-30 10:41:26: 🚚 Creating Delhivery shipment for order 789cf54e-f11a-4297-9a56-7e63ec4c1c3f...
2026-04-30 10:41:27: Delhivery response: {"cash_pickups_count":0,"package_count":1,"prepaid_count":0,"pickups_count":0,"replacement_count":0,"cash_pickups":0,"cod_amount":0,"cod_count":0,"upload_wbn":"UPL1712847868423915095","packages":[{"waybill":"","refnum":"789cf54e-f11a-4297-9a56-7e63ec4c1c3f","client":"dc8c44-SUVIDHAAIRSOLUTIONSP-do","payment":"Pre-paid","cod_amount":0,"status":"Fail","sort_code":null,"serviceable":false,"remarks":["Consignee pin code is invalid"]}],"success":false,"rmk":"An internal Error has occurred, Please get in touch with client.support@delhivery.com"}
2026-04-30 11:02:25: ✅ SuvidhaAir server running on port 3000
2026-04-30 11:02:25: 📦 Database: db.json
2026-04-30 11:02:25: 🔐 Admin: /admin (password: 121004)
2026-04-30 11:05:23: ✅ SuvidhaAir server running on port 3000
2026-04-30 11:05:23: 📦 Database: db.json
2026-04-30 11:05:23: 🔐 Admin: /admin (password: 121004)
2026-04-30 11:09:47: ✅ Razorpay order created: order_SjgNnKfsT5KeQo for amount 698
2026-04-30 11:15:04: ✅ Razorpay order created: order_SjgTNVHq58DooI for amount 548
2026-04-30 11:22:21: ✅ Razorpay order created: order_Sjgb4CeCh1hlmT for amount 548
2026-04-30 11:27:52: ✅ SuvidhaAir server running on port 3000
2026-04-30 11:27:52: 📦 Database: db.json
2026-04-30 11:27:52: 🔐 Admin: /admin (password: 121004)
2026-04-30 11:33:04: ✅ SuvidhaAir server running on port 3000
2026-04-30 11:33:04: 📦 Database: db.json
2026-04-30 11:33:04: 🔐 Admin: /admin (password: 121004)
2026-05-05 06:38:46: ✅ Razorpay order created: order_SlaR6z7Mn59dVy for amount 548
2026-05-05 06:39:56: ✅ Razorpay order created: order_SlaSLtkVOOYjMf for amount 548
